// Jest Snapshot v1, https://goo.gl/fbAQLP

exports[`Header component test renders the top nav header 1`] = `
<div>
  <div
    class="header"
  >
    <div
      class="links"
    >
       
      <div>
        <a
          href="/"
        >
          Home
        </a>
         
      </div>
      <div>
        <a
          href="/characters"
        >
          Characters
        </a>
         
      </div>
    </div>
    <div>
      <h1>
        Pokemon Pokedex
      </h1>
      <section />
    </div>
    <div />
  </div>
</div>
`;
